// Jest Snapshot v1, https://goo.gl/fbAQLP

exports[`Slider basic usage 1`] = `
<div>
  <div
    class="adm-slider"
  >
    <div
      class="adm-slider-track-container"
    >
      <div
        class="adm-slider-track"
      >
        <div
          class="adm-slider-fill"
          style="width: 20%; left: 0%;"
        />
        <div
          aria-disabled="false"
          aria-label="滑动输入条"
          aria-valuemax="100"
          aria-valuemin="0"
          aria-valuenow="20"
          class="adm-slider-thumb-container"
          role="slider"
          style="left: 20%;"
        >
          <div
            class="adm-slider-thumb"
          >
            <svg
              class="adm-slider-thumb-icon"
              viewBox="0 0 24 24"
              xmlns="http://www.w3.org/2000/svg"
            >
              <g
                fill="currentColor"
                fill-rule="evenodd"
              >
                <rect
                  height="24"
                  rx="2"
                  width="4"
                  x="10"
                />
                <rect
                  height="16"
                  rx="2"
                  width="4"
                  y="4"
                />
                <rect
                  height="16"
                  rx="2"
                  width="4"
                  x="20"
                  y="4"
                />
              </g>
            </svg>
          </div>
        </div>
      </div>
    </div>
  </div>
</div>
`;
