// Jest Snapshot v1, https://goo.gl/fbAQLP

exports[`WaterMark content watermark 1`] = `
<div>
  <div
    class="adm-water-mark adm-water-mark-full-page"
    style="z-index: 2000; background-size: 144px; background-image: url(data:image/png;base64,00);"
  />
</div>
`;

exports[`WaterMark image watermark 1`] = `
<div>
  <div
    class="adm-water-mark adm-water-mark-full-page"
    style="z-index: 2000; background-size: 144px; background-image: url(data:image/png;base64,00);"
  />
</div>
`;
